Archive member included because of file (symbol)

c:/users/janke/documents/mkclipse/avr toolchain/bin/../lib/gcc/avr/5.4.0/avr5\libgcc.a(_exit.o)
                              c:/users/janke/documents/mkclipse/avr toolchain/bin/../lib/gcc/avr/5.4.0/../../../../avr/lib/avr5/crtatmega32.o (exit)
c:/users/janke/documents/mkclipse/avr toolchain/bin/../lib/gcc/avr/5.4.0/avr5\libgcc.a(_copy_data.o)
                              ./main.o (__do_copy_data)
c:/users/janke/documents/mkclipse/avr toolchain/bin/../lib/gcc/avr/5.4.0/avr5\libgcc.a(_clear_bss.o)
                              ./main.o (__do_clear_bss)
c:/users/janke/documents/mkclipse/avr toolchain/bin/../lib/gcc/avr/5.4.0/../../../../avr/lib/avr5\libc.a(itoa.o)
                              ./hd44780.o (itoa)
c:/users/janke/documents/mkclipse/avr toolchain/bin/../lib/gcc/avr/5.4.0/../../../../avr/lib/avr5\libc.a(itoa_ncheck.o)
                              c:/users/janke/documents/mkclipse/avr toolchain/bin/../lib/gcc/avr/5.4.0/../../../../avr/lib/avr5\libc.a(itoa.o) (__itoa_ncheck)
c:/users/janke/documents/mkclipse/avr toolchain/bin/../lib/gcc/avr/5.4.0/../../../../avr/lib/avr5\libc.a(utoa_ncheck.o)
                              c:/users/janke/documents/mkclipse/avr toolchain/bin/../lib/gcc/avr/5.4.0/../../../../avr/lib/avr5\libc.a(itoa_ncheck.o) (__utoa_common)
c:/users/janke/documents/mkclipse/avr toolchain/bin/../lib/gcc/avr/5.4.0/../../../../avr/lib/avr5\libc.a(eerd_byte_atmega32.o)
                              ./hd44780.o (__eerd_byte_m32)
c:/users/janke/documents/mkclipse/avr toolchain/bin/../lib/gcc/avr/5.4.0/../../../../avr/lib/avr5\libc.a(strrev.o)
                              c:/users/janke/documents/mkclipse/avr toolchain/bin/../lib/gcc/avr/5.4.0/../../../../avr/lib/avr5\libc.a(utoa_ncheck.o) (strrev)

Memory Configuration

Name             Origin             Length             Attributes
text             0x00000000         0x00020000         xr
data             0x00800060         0x0000ffa0         rw !x
eeprom           0x00810000         0x00010000         rw !x
fuse             0x00820000         0x00000400         rw !x
lock             0x00830000         0x00000400         rw !x
signature        0x00840000         0x00000400         rw !x
user_signatures  0x00850000         0x00000400         rw !x
*default*        0x00000000         0xffffffff

Linker script and memory map

LOAD c:/users/janke/documents/mkclipse/avr toolchain/bin/../lib/gcc/avr/5.4.0/../../../../avr/lib/avr5/crtatmega32.o
LOAD ./hd44780.o
LOAD ./main.o
START GROUP
LOAD c:/users/janke/documents/mkclipse/avr toolchain/bin/../lib/gcc/avr/5.4.0/avr5\libgcc.a
LOAD c:/users/janke/documents/mkclipse/avr toolchain/bin/../lib/gcc/avr/5.4.0/../../../../avr/lib/avr5\libm.a
LOAD c:/users/janke/documents/mkclipse/avr toolchain/bin/../lib/gcc/avr/5.4.0/../../../../avr/lib/avr5\libc.a
LOAD c:/users/janke/documents/mkclipse/avr toolchain/bin/../lib/gcc/avr/5.4.0/../../../../avr/lib/avr5\libatmega32.a
END GROUP

.hash
 *(.hash)

.dynsym
 *(.dynsym)

.dynstr
 *(.dynstr)

.gnu.version
 *(.gnu.version)

.gnu.version_d
 *(.gnu.version_d)

.gnu.version_r
 *(.gnu.version_r)

.rel.init
 *(.rel.init)

.rela.init
 *(.rela.init)

.rel.text
 *(.rel.text)
 *(.rel.text.*)
 *(.rel.gnu.linkonce.t*)

.rela.text
 *(.rela.text)
 *(.rela.text.*)
 *(.rela.gnu.linkonce.t*)

.rel.fini
 *(.rel.fini)

.rela.fini
 *(.rela.fini)

.rel.rodata
 *(.rel.rodata)
 *(.rel.rodata.*)
 *(.rel.gnu.linkonce.r*)

.rela.rodata
 *(.rela.rodata)
 *(.rela.rodata.*)
 *(.rela.gnu.linkonce.r*)

.rel.data
 *(.rel.data)
 *(.rel.data.*)
 *(.rel.gnu.linkonce.d*)

.rela.data
 *(.rela.data)
 *(.rela.data.*)
 *(.rela.gnu.linkonce.d*)

.rel.ctors
 *(.rel.ctors)

.rela.ctors
 *(.rela.ctors)

.rel.dtors
 *(.rel.dtors)

.rela.dtors
 *(.rela.dtors)

.rel.got
 *(.rel.got)

.rela.got
 *(.rela.got)

.rel.bss
 *(.rel.bss)

.rela.bss
 *(.rela.bss)

.rel.plt
 *(.rel.plt)

.rela.plt
 *(.rela.plt)

.text           0x00000000      0x5a2
 *(.vectors)
 .vectors       0x00000000       0x54 c:/users/janke/documents/mkclipse/avr toolchain/bin/../lib/gcc/avr/5.4.0/../../../../avr/lib/avr5/crtatmega32.o
                0x00000000                __vector_default
                0x00000000                __vectors
 *(.vectors)
 *(.progmem.gcc*)
                0x00000054                . = ALIGN (0x2)
                0x00000054                __trampolines_start = .
 *(.trampolines)
 .trampolines   0x00000054        0x0 linker stubs
 *(.trampolines*)
                0x00000054                __trampolines_end = .
 *(.progmem*)
                0x00000054                . = ALIGN (0x2)
 *(.jumptables)
 *(.jumptables*)
 *(.lowtext)
 *(.lowtext*)
                0x00000054                __ctors_start = .
 *(.ctors)
                0x00000054                __ctors_end = .
                0x00000054                __dtors_start = .
 *(.dtors)
                0x00000054                __dtors_end = .
 SORT(*)(.ctors)
 SORT(*)(.dtors)
 *(.init0)
 .init0         0x00000054        0x0 c:/users/janke/documents/mkclipse/avr toolchain/bin/../lib/gcc/avr/5.4.0/../../../../avr/lib/avr5/crtatmega32.o
                0x00000054                __init
 *(.init0)
 *(.init1)
 *(.init1)
 *(.init2)
 .init2         0x00000054        0xc c:/users/janke/documents/mkclipse/avr toolchain/bin/../lib/gcc/avr/5.4.0/../../../../avr/lib/avr5/crtatmega32.o
 *(.init2)
 *(.init3)
 *(.init3)
 *(.init4)
 .init4         0x00000060       0x16 c:/users/janke/documents/mkclipse/avr toolchain/bin/../lib/gcc/avr/5.4.0/avr5\libgcc.a(_copy_data.o)
                0x00000060                __do_copy_data
 .init4         0x00000076       0x10 c:/users/janke/documents/mkclipse/avr toolchain/bin/../lib/gcc/avr/5.4.0/avr5\libgcc.a(_clear_bss.o)
                0x00000076                __do_clear_bss
 *(.init4)
 *(.init5)
 *(.init5)
 *(.init6)
 *(.init6)
 *(.init7)
 *(.init7)
 *(.init8)
 *(.init8)
 *(.init9)
 .init9         0x00000086        0x8 c:/users/janke/documents/mkclipse/avr toolchain/bin/../lib/gcc/avr/5.4.0/../../../../avr/lib/avr5/crtatmega32.o
 *(.init9)
 *(.text)
 .text          0x0000008e        0x4 c:/users/janke/documents/mkclipse/avr toolchain/bin/../lib/gcc/avr/5.4.0/../../../../avr/lib/avr5/crtatmega32.o
                0x0000008e                __vector_1
                0x0000008e                __vector_12
                0x0000008e                __bad_interrupt
                0x0000008e                __vector_6
                0x0000008e                __vector_3
                0x0000008e                __vector_11
                0x0000008e                __vector_13
                0x0000008e                __vector_17
                0x0000008e                __vector_19
                0x0000008e                __vector_7
                0x0000008e                __vector_5
                0x0000008e                __vector_4
                0x0000008e                __vector_9
                0x0000008e                __vector_2
                0x0000008e                __vector_15
                0x0000008e                __vector_14
                0x0000008e                __vector_10
                0x0000008e                __vector_16
                0x0000008e                __vector_18
                0x0000008e                __vector_20
 .text          0x00000092        0x0 ./hd44780.o
 .text          0x00000092        0x0 ./main.o
 .text          0x00000092        0x0 c:/users/janke/documents/mkclipse/avr toolchain/bin/../lib/gcc/avr/5.4.0/avr5\libgcc.a(_exit.o)
 .text          0x00000092        0x0 c:/users/janke/documents/mkclipse/avr toolchain/bin/../lib/gcc/avr/5.4.0/avr5\libgcc.a(_copy_data.o)
 .text          0x00000092        0x0 c:/users/janke/documents/mkclipse/avr toolchain/bin/../lib/gcc/avr/5.4.0/avr5\libgcc.a(_clear_bss.o)
 .text          0x00000092        0x0 c:/users/janke/documents/mkclipse/avr toolchain/bin/../lib/gcc/avr/5.4.0/../../../../avr/lib/avr5\libc.a(itoa.o)
 .text          0x00000092        0x0 c:/users/janke/documents/mkclipse/avr toolchain/bin/../lib/gcc/avr/5.4.0/../../../../avr/lib/avr5\libc.a(itoa_ncheck.o)
 .text          0x00000092        0x0 c:/users/janke/documents/mkclipse/avr toolchain/bin/../lib/gcc/avr/5.4.0/../../../../avr/lib/avr5\libc.a(utoa_ncheck.o)
 .text          0x00000092        0x0 c:/users/janke/documents/mkclipse/avr toolchain/bin/../lib/gcc/avr/5.4.0/../../../../avr/lib/avr5\libc.a(eerd_byte_atmega32.o)
 .text          0x00000092        0x0 c:/users/janke/documents/mkclipse/avr toolchain/bin/../lib/gcc/avr/5.4.0/../../../../avr/lib/avr5\libc.a(strrev.o)
                0x00000092                . = ALIGN (0x2)
 *(.text.*)
 .text.data_dir_out
                0x00000092        0xa ./hd44780.o
 .text.lcd_readHalf
                0x0000009c       0x16 ./hd44780.o
 .text.lcd_sendHalf
                0x000000b2       0x2a ./hd44780.o
 .text._lcd_read_byte
                0x000000dc       0x2e ./hd44780.o
                0x000000dc                _lcd_read_byte
 .text.check_BF
                0x0000010a        0x6 ./hd44780.o
                0x0000010a                check_BF
 .text._lcd_write_byte
                0x00000110       0x2e ./hd44780.o
                0x00000110                _lcd_write_byte
 .text.lcd_write_cmd
                0x0000013e        0x8 ./hd44780.o
                0x0000013e                lcd_write_cmd
 .text.lcd_write_data
                0x00000146        0x8 ./hd44780.o
                0x00000146                lcd_write_data
 .text.lcd_cls  0x0000014e        0x6 ./hd44780.o
                0x0000014e                lcd_cls
 .text.lcd_cursor_on
                0x00000154        0x6 ./hd44780.o
                0x00000154                lcd_cursor_on
 .text.lcd_blink_on
                0x0000015a        0x6 ./hd44780.o
                0x0000015a                lcd_blink_on
 .text.lcd_blink_off
                0x00000160        0x6 ./hd44780.o
                0x00000160                lcd_blink_off
 .text.lcd_cursor_off
                0x00000166        0x4 ./hd44780.o
                0x00000166                lcd_cursor_off
 .text.lcd_str  0x0000016a       0x22 ./hd44780.o
                0x0000016a                lcd_str
 .text.lcd_str_P
                0x0000018c       0x26 ./hd44780.o
                0x0000018c                lcd_str_P
 .text.lcd_str_E
                0x000001b2       0x2c ./hd44780.o
                0x000001b2                lcd_str_E
 .text.lcd_int  0x000001de       0x38 ./hd44780.o
                0x000001de                lcd_int
 .text.lcd_hex  0x00000216       0x38 ./hd44780.o
                0x00000216                lcd_hex
 .text.lcd_defchar
                0x0000024e       0x34 ./hd44780.o
                0x0000024e                lcd_defchar
 .text.lcd_defchar_P
                0x00000282       0x3a ./hd44780.o
                0x00000282                lcd_defchar_P
 .text.lcd_defchar_E
                0x000002bc       0x4a ./hd44780.o
                0x000002bc                lcd_defchar_E
 .text.lcd_locate
                0x00000306       0x1e ./hd44780.o
                0x00000306                lcd_locate
 .text.lcd_init
                0x00000324       0x96 ./hd44780.o
                0x00000324                lcd_init
 .text.__vector_8
                0x000003ba       0x64 ./main.o
                0x000003ba                __vector_8
 .text.wyswietlGodzine
                0x0000041e       0x62 ./main.o
                0x0000041e                wyswietlGodzine
 .text.wcisnietyPrzycisk
                0x00000480       0x1e ./main.o
                0x00000480                wcisnietyPrzycisk
 .text.startup.main
                0x0000049e       0x70 ./main.o
                0x0000049e                main
 .text.libgcc.mul
                0x0000050e        0x0 c:/users/janke/documents/mkclipse/avr toolchain/bin/../lib/gcc/avr/5.4.0/avr5\libgcc.a(_exit.o)
 .text.libgcc.div
                0x0000050e        0x0 c:/users/janke/documents/mkclipse/avr toolchain/bin/../lib/gcc/avr/5.4.0/avr5\libgcc.a(_exit.o)
 .text.libgcc   0x0000050e        0x0 c:/users/janke/documents/mkclipse/avr toolchain/bin/../lib/gcc/avr/5.4.0/avr5\libgcc.a(_exit.o)
 .text.libgcc.prologue
                0x0000050e        0x0 c:/users/janke/documents/mkclipse/avr toolchain/bin/../lib/gcc/avr/5.4.0/avr5\libgcc.a(_exit.o)
 .text.libgcc.builtins
                0x0000050e        0x0 c:/users/janke/documents/mkclipse/avr toolchain/bin/../lib/gcc/avr/5.4.0/avr5\libgcc.a(_exit.o)
 .text.libgcc.fmul
                0x0000050e        0x0 c:/users/janke/documents/mkclipse/avr toolchain/bin/../lib/gcc/avr/5.4.0/avr5\libgcc.a(_exit.o)
 .text.libgcc.fixed
                0x0000050e        0x0 c:/users/janke/documents/mkclipse/avr toolchain/bin/../lib/gcc/avr/5.4.0/avr5\libgcc.a(_exit.o)
 .text.libgcc.mul
                0x0000050e        0x0 c:/users/janke/documents/mkclipse/avr toolchain/bin/../lib/gcc/avr/5.4.0/avr5\libgcc.a(_copy_data.o)
 .text.libgcc.div
                0x0000050e        0x0 c:/users/janke/documents/mkclipse/avr toolchain/bin/../lib/gcc/avr/5.4.0/avr5\libgcc.a(_copy_data.o)
 .text.libgcc   0x0000050e        0x0 c:/users/janke/documents/mkclipse/avr toolchain/bin/../lib/gcc/avr/5.4.0/avr5\libgcc.a(_copy_data.o)
 .text.libgcc.prologue
                0x0000050e        0x0 c:/users/janke/documents/mkclipse/avr toolchain/bin/../lib/gcc/avr/5.4.0/avr5\libgcc.a(_copy_data.o)
 .text.libgcc.builtins
                0x0000050e        0x0 c:/users/janke/documents/mkclipse/avr toolchain/bin/../lib/gcc/avr/5.4.0/avr5\libgcc.a(_copy_data.o)
 .text.libgcc.fmul
                0x0000050e        0x0 c:/users/janke/documents/mkclipse/avr toolchain/bin/../lib/gcc/avr/5.4.0/avr5\libgcc.a(_copy_data.o)
 .text.libgcc.fixed
                0x0000050e        0x0 c:/users/janke/documents/mkclipse/avr toolchain/bin/../lib/gcc/avr/5.4.0/avr5\libgcc.a(_copy_data.o)
 .text.libgcc.mul
                0x0000050e        0x0 c:/users/janke/documents/mkclipse/avr toolchain/bin/../lib/gcc/avr/5.4.0/avr5\libgcc.a(_clear_bss.o)
 .text.libgcc.div
                0x0000050e        0x0 c:/users/janke/documents/mkclipse/avr toolchain/bin/../lib/gcc/avr/5.4.0/avr5\libgcc.a(_clear_bss.o)
 .text.libgcc   0x0000050e        0x0 c:/users/janke/documents/mkclipse/avr toolchain/bin/../lib/gcc/avr/5.4.0/avr5\libgcc.a(_clear_bss.o)
 .text.libgcc.prologue
                0x0000050e        0x0 c:/users/janke/documents/mkclipse/avr toolchain/bin/../lib/gcc/avr/5.4.0/avr5\libgcc.a(_clear_bss.o)
 .text.libgcc.builtins
                0x0000050e        0x0 c:/users/janke/documents/mkclipse/avr toolchain/bin/../lib/gcc/avr/5.4.0/avr5\libgcc.a(_clear_bss.o)
 .text.libgcc.fmul
                0x0000050e        0x0 c:/users/janke/documents/mkclipse/avr toolchain/bin/../lib/gcc/avr/5.4.0/avr5\libgcc.a(_clear_bss.o)
 .text.libgcc.fixed
                0x0000050e        0x0 c:/users/janke/documents/mkclipse/avr toolchain/bin/../lib/gcc/avr/5.4.0/avr5\libgcc.a(_clear_bss.o)
 .text.avr-libc
                0x0000050e       0x16 c:/users/janke/documents/mkclipse/avr toolchain/bin/../lib/gcc/avr/5.4.0/../../../../avr/lib/avr5\libc.a(itoa.o)
                0x0000050e                __itoa
                0x0000050e                itoa
 .text.avr-libc
                0x00000524       0x16 c:/users/janke/documents/mkclipse/avr toolchain/bin/../lib/gcc/avr/5.4.0/../../../../avr/lib/avr5\libc.a(itoa_ncheck.o)
                0x00000524                __itoa_ncheck
 .text.avr-libc
                0x0000053a       0x34 c:/users/janke/documents/mkclipse/avr toolchain/bin/../lib/gcc/avr/5.4.0/../../../../avr/lib/avr5\libc.a(utoa_ncheck.o)
                0x0000053a                __utoa_ncheck
                0x0000053c                __utoa_common
 .text.avr-libc
                0x0000056e       0x10 c:/users/janke/documents/mkclipse/avr toolchain/bin/../lib/gcc/avr/5.4.0/../../../../avr/lib/avr5\libc.a(eerd_byte_atmega32.o)
                0x0000056e                __eerd_byte_m32
 .text.avr-libc
                0x0000057e       0x20 c:/users/janke/documents/mkclipse/avr toolchain/bin/../lib/gcc/avr/5.4.0/../../../../avr/lib/avr5\libc.a(strrev.o)
                0x0000057e                strrev
                0x0000059e                . = ALIGN (0x2)
 *(.fini9)
 .fini9         0x0000059e        0x0 c:/users/janke/documents/mkclipse/avr toolchain/bin/../lib/gcc/avr/5.4.0/avr5\libgcc.a(_exit.o)
                0x0000059e                _exit
                0x0000059e                exit
 *(.fini9)
 *(.fini8)
 *(.fini8)
 *(.fini7)
 *(.fini7)
 *(.fini6)
 *(.fini6)
 *(.fini5)
 *(.fini5)
 *(.fini4)
 *(.fini4)
 *(.fini3)
 *(.fini3)
 *(.fini2)
 *(.fini2)
 *(.fini1)
 *(.fini1)
 *(.fini0)
 .fini0         0x0000059e        0x4 c:/users/janke/documents/mkclipse/avr toolchain/bin/../lib/gcc/avr/5.4.0/avr5\libgcc.a(_exit.o)
 *(.fini0)
                0x000005a2                _etext = .

.data           0x00800060        0x2 load address 0x000005a2
                0x00800060                PROVIDE (__data_start, .)
 *(.data)
 .data          0x00800060        0x0 c:/users/janke/documents/mkclipse/avr toolchain/bin/../lib/gcc/avr/5.4.0/../../../../avr/lib/avr5/crtatmega32.o
 .data          0x00800060        0x0 ./hd44780.o
 .data          0x00800060        0x0 ./main.o
 .data          0x00800060        0x0 c:/users/janke/documents/mkclipse/avr toolchain/bin/../lib/gcc/avr/5.4.0/avr5\libgcc.a(_exit.o)
 .data          0x00800060        0x0 c:/users/janke/documents/mkclipse/avr toolchain/bin/../lib/gcc/avr/5.4.0/avr5\libgcc.a(_copy_data.o)
 .data          0x00800060        0x0 c:/users/janke/documents/mkclipse/avr toolchain/bin/../lib/gcc/avr/5.4.0/avr5\libgcc.a(_clear_bss.o)
 .data          0x00800060        0x0 c:/users/janke/documents/mkclipse/avr toolchain/bin/../lib/gcc/avr/5.4.0/../../../../avr/lib/avr5\libc.a(itoa.o)
 .data          0x00800060        0x0 c:/users/janke/documents/mkclipse/avr toolchain/bin/../lib/gcc/avr/5.4.0/../../../../avr/lib/avr5\libc.a(itoa_ncheck.o)
 .data          0x00800060        0x0 c:/users/janke/documents/mkclipse/avr toolchain/bin/../lib/gcc/avr/5.4.0/../../../../avr/lib/avr5\libc.a(utoa_ncheck.o)
 .data          0x00800060        0x0 c:/users/janke/documents/mkclipse/avr toolchain/bin/../lib/gcc/avr/5.4.0/../../../../avr/lib/avr5\libc.a(eerd_byte_atmega32.o)
 .data          0x00800060        0x0 c:/users/janke/documents/mkclipse/avr toolchain/bin/../lib/gcc/avr/5.4.0/../../../../avr/lib/avr5\libc.a(strrev.o)
 *(.data*)
 *(.rodata)
 *(.rodata*)
 .rodata.str1.1
                0x00800060        0x2 ./main.o
 *(.gnu.linkonce.d*)
                0x00800062                . = ALIGN (0x2)
                0x00800062                _edata = .
                0x00800062                PROVIDE (__data_end, .)

.bss            0x00800062        0x4
                0x00800062                PROVIDE (__bss_start, .)
 *(.bss)
 .bss           0x00800062        0x0 c:/users/janke/documents/mkclipse/avr toolchain/bin/../lib/gcc/avr/5.4.0/../../../../avr/lib/avr5/crtatmega32.o
 .bss           0x00800062        0x0 ./hd44780.o
 .bss           0x00800062        0x0 ./main.o
 .bss           0x00800062        0x0 c:/users/janke/documents/mkclipse/avr toolchain/bin/../lib/gcc/avr/5.4.0/avr5\libgcc.a(_exit.o)
 .bss           0x00800062        0x0 c:/users/janke/documents/mkclipse/avr toolchain/bin/../lib/gcc/avr/5.4.0/avr5\libgcc.a(_copy_data.o)
 .bss           0x00800062        0x0 c:/users/janke/documents/mkclipse/avr toolchain/bin/../lib/gcc/avr/5.4.0/avr5\libgcc.a(_clear_bss.o)
 .bss           0x00800062        0x0 c:/users/janke/documents/mkclipse/avr toolchain/bin/../lib/gcc/avr/5.4.0/../../../../avr/lib/avr5\libc.a(itoa.o)
 .bss           0x00800062        0x0 c:/users/janke/documents/mkclipse/avr toolchain/bin/../lib/gcc/avr/5.4.0/../../../../avr/lib/avr5\libc.a(itoa_ncheck.o)
 .bss           0x00800062        0x0 c:/users/janke/documents/mkclipse/avr toolchain/bin/../lib/gcc/avr/5.4.0/../../../../avr/lib/avr5\libc.a(utoa_ncheck.o)
 .bss           0x00800062        0x0 c:/users/janke/documents/mkclipse/avr toolchain/bin/../lib/gcc/avr/5.4.0/../../../../avr/lib/avr5\libc.a(eerd_byte_atmega32.o)
 .bss           0x00800062        0x0 c:/users/janke/documents/mkclipse/avr toolchain/bin/../lib/gcc/avr/5.4.0/../../../../avr/lib/avr5\libc.a(strrev.o)
 *(.bss*)
 .bss.zmiana    0x00800062        0x1 ./main.o
                0x00800062                zmiana
 .bss.godziny   0x00800063        0x1 ./main.o
                0x00800063                godziny
 .bss.minuty    0x00800064        0x1 ./main.o
                0x00800064                minuty
 .bss.sekundy   0x00800065        0x1 ./main.o
                0x00800065                sekundy
 *(COMMON)
                0x00800066                PROVIDE (__bss_end, .)
                0x000005a2                __data_load_start = LOADADDR (.data)
                0x000005a4                __data_load_end = (__data_load_start + SIZEOF (.data))

.noinit         0x00800066        0x0
                0x00800066                PROVIDE (__noinit_start, .)
 *(.noinit*)
                0x00800066                PROVIDE (__noinit_end, .)
                0x00800066                _end = .
                0x00800066                PROVIDE (__heap_start, .)

.eeprom         0x00810000        0x0
 *(.eeprom*)
                0x00810000                __eeprom_end = .

.fuse
 *(.fuse)
 *(.lfuse)
 *(.hfuse)
 *(.efuse)

.lock
 *(.lock*)

.signature
 *(.signature*)

.user_signatures
 *(.user_signatures*)

.stab
 *(.stab)

.stabstr
 *(.stabstr)

.stab.excl
 *(.stab.excl)

.stab.exclstr
 *(.stab.exclstr)

.stab.index
 *(.stab.index)

.stab.indexstr
 *(.stab.indexstr)

.comment        0x00000000       0x30
 *(.comment)
 .comment       0x00000000       0x30 ./hd44780.o
                                 0x31 (size before relaxing)
 .comment       0x00000000       0x31 ./main.o

.note.gnu.avr.deviceinfo
                0x00000000       0x3c
 .note.gnu.avr.deviceinfo
                0x00000000       0x3c c:/users/janke/documents/mkclipse/avr toolchain/bin/../lib/gcc/avr/5.4.0/../../../../avr/lib/avr5/crtatmega32.o

.note.gnu.build-id
 *(.note.gnu.build-id)

.debug
 *(.debug)

.line
 *(.line)

.debug_srcinfo
 *(.debug_srcinfo)

.debug_sfnames
 *(.debug_sfnames)

.debug_aranges
 *(.debug_aranges)

.debug_pubnames
 *(.debug_pubnames)

.debug_info     0x00000000      0x4e6
 *(.debug_info .gnu.linkonce.wi.*)
 .debug_info    0x00000000      0x4e6 c:/users/janke/documents/mkclipse/avr toolchain/bin/../lib/gcc/avr/5.4.0/../../../../avr/lib/avr5/crtatmega32.o

.debug_abbrev   0x00000000      0x4a3
 *(.debug_abbrev)
 .debug_abbrev  0x00000000      0x4a3 c:/users/janke/documents/mkclipse/avr toolchain/bin/../lib/gcc/avr/5.4.0/../../../../avr/lib/avr5/crtatmega32.o

.debug_line     0x00000000       0x1a
 *(.debug_line .debug_line.* .debug_line_end)
 .debug_line    0x00000000       0x1a c:/users/janke/documents/mkclipse/avr toolchain/bin/../lib/gcc/avr/5.4.0/../../../../avr/lib/avr5/crtatmega32.o

.debug_frame
 *(.debug_frame)

.debug_str      0x00000000      0x196
 *(.debug_str)
 .debug_str     0x00000000      0x196 c:/users/janke/documents/mkclipse/avr toolchain/bin/../lib/gcc/avr/5.4.0/../../../../avr/lib/avr5/crtatmega32.o

.debug_loc
 *(.debug_loc)

.debug_macinfo
 *(.debug_macinfo)

.debug_weaknames
 *(.debug_weaknames)

.debug_funcnames
 *(.debug_funcnames)

.debug_typenames
 *(.debug_typenames)

.debug_varnames
 *(.debug_varnames)

.debug_pubtypes
 *(.debug_pubtypes)

.debug_ranges
 *(.debug_ranges)

.debug_macro
 *(.debug_macro)
OUTPUT(05_WYSWIETLACZ_LCD_STOPER.elf elf32-avr)
LOAD linker stubs
